Programm started at 2025-02-06 13:42:55
Programm terminated at 2025-02-06 13:42:56
Conducted for 0.07 seconds
========================================================================================================================
Programm started at 2025-02-06 13:43:32
Programm terminated at 2025-02-06 13:43:33
Conducted for 0.07 seconds
========================================================================================================================
Programm started at 2025-02-06 13:45:46
Programm terminated at 2025-02-06 13:45:46
Conducted for 0.06 seconds
========================================================================================================================
Programm started at 2025-02-06 13:46:35
Programm started at 2025-02-06 13:48:15
2025-02-06 13:48:15 [INFO]    test -> "d:\SuperLauncher\trial3.py":3, logger.info("test")
2025-02-06 13:48:15 [WARNING] test -> "d:\SuperLauncher\trial3.py":4, logger.warning("test")
2025-02-06 13:48:15 [ERROR]   test -> "d:\SuperLauncher\trial3.py":5, logger.error("test")
2025-02-06 13:48:15 [CRITICAL] test -> "d:\SuperLauncher\trial3.py":6, logger.critical("test")
Programm terminated at 2025-02-06 13:48:15
Conducted for 0.07 seconds
========================================================================================================================
Programm started at 2025-02-06 13:48:39
2025-02-06 13:48:39 [INFO]     test -> "d:\SuperLauncher\trial3.py":3, logger.info("test")
2025-02-06 13:48:39 [WARNING]  test -> "d:\SuperLauncher\trial3.py":4, logger.warning("test")
2025-02-06 13:48:39 [ERROR]    test -> "d:\SuperLauncher\trial3.py":5, logger.error("test")
2025-02-06 13:48:39 [CRITICAL] test -> "d:\SuperLauncher\trial3.py":6, logger.critical("test")
Programm terminated at 2025-02-06 13:48:39
Conducted for 0.07 seconds
========================================================================================================================
Programm started at 2025-02-06 13:52:36
2025-02-06 13:52:36 [INFO]     test -> "d:\SuperLauncher\trial3.py":3, logger.info("test")
2025-02-06 13:52:36 [WARNING]  test -> "d:\SuperLauncher\trial3.py":4, logger.warning("test")
2025-02-06 13:52:36 [ERROR]    test -> "d:\SuperLauncher\trial3.py":5, logger.error("test")
2025-02-06 13:52:36 [CRITICAL] test -> "d:\SuperLauncher\trial3.py":6, logger.critical("test")
Programm terminated at 2025-02-06 13:52:36
Conducted for 0.07 seconds
========================================================================================================================
Programm started at 2025-02-06 13:53:08
2025-02-06 13:53:09 [INFO]     test -> "d:\SuperLauncher\trial3.py":3, logger.info("test")
2025-02-06 13:53:09 [WARNING]  test -> "d:\SuperLauncher\trial3.py":4, logger.warning("test")
2025-02-06 13:53:09 [ERROR]    test -> "d:\SuperLauncher\trial3.py":5, logger.error("test")
2025-02-06 13:53:09 [CRITICAL] test -> "d:\SuperLauncher\trial3.py":6, logger.critical("test")
Programm terminated at 2025-02-06 13:53:09
Conducted for 0.08 seconds
========================================================================================================================
Programm started at 2025-02-06 13:53:25
2025-02-06 13:53:25 [INFO]     test -> "d:\SuperLauncher\trial3.py":3, logger.info("test")
2025-02-06 13:53:25 [WARNING]  test -> "d:\SuperLauncher\trial3.py":4, logger.warning("test")
2025-02-06 13:53:25 [ERROR]    test -> "d:\SuperLauncher\trial3.py":5, logger.error("test")
2025-02-06 13:53:25 [CRITICAL] test -> "d:\SuperLauncher\trial3.py":6, logger.critical("test")
Programm terminated at 2025-02-06 13:53:25
Conducted for 0.08 seconds
========================================================================================================================
Programm started at 2025-02-06 13:53:50
2025-02-06 13:53:50 [INFO]     test -> "d:\SuperLauncher\trial3.py":3, logger.info("test")
2025-02-06 13:53:50 [WARNING]  test -> "d:\SuperLauncher\trial3.py":4, logger.warning("test")
2025-02-06 13:53:50 [ERROR]    test -> "d:\SuperLauncher\trial3.py":5, logger.error("test")
2025-02-06 13:53:50 [CRITICAL] test -> "d:\SuperLauncher\trial3.py":6, logger.critical("test")
Programm terminated at 2025-02-06 13:53:50
Conducted for 0.07 seconds
========================================================================================================================
Programm started at 2025-02-06 13:54:13
2025-02-06 13:54:13 [INFO]     test -> "d:\SuperLauncher\trial3.py":3, logger.info("test")
2025-02-06 13:54:13 [WARNING]  test -> "d:\SuperLauncher\trial3.py":4, logger.warning("test")
2025-02-06 13:54:13 [ERROR]    test -> "d:\SuperLauncher\trial3.py":5, logger.error("test")
2025-02-06 13:54:13 [CRITICAL] test -> "d:\SuperLauncher\trial3.py":6, logger.critical("test")
Programm terminated at 2025-02-06 13:54:13
Conducted for 0.07 seconds
========================================================================================================================
Programm started at 2025-02-06 13:55:48
2025-02-06 13:55:48 [INFO]     test -> "D:\SuperLauncher\trial3.py":3, logger.info("test")
2025-02-06 13:55:48 [WARNING]  test -> "D:\SuperLauncher\trial3.py":4, logger.warning("test")
2025-02-06 13:55:48 [ERROR]    test -> "D:\SuperLauncher\trial3.py":5, logger.error("test")
2025-02-06 13:55:48 [CRITICAL] test -> "D:\SuperLauncher\trial3.py":6, logger.critical("test")
Programm terminated at 2025-02-06 13:55:48
Conducted for 0.07 seconds
========================================================================================================================
Programm started at 2025-02-06 14:56:41
2025-02-06 14:56:41 [INFO]     test -> "d:\SuperLauncher\trial3.py":3, logger.info("test")
2025-02-06 14:56:41 [WARNING]  test -> "d:\SuperLauncher\trial3.py":4, logger.warning("test")
2025-02-06 14:56:41 [ERROR]    test -> "d:\SuperLauncher\trial3.py":5, logger.error("test")
2025-02-06 14:56:41 [CRITICAL] test -> "d:\SuperLauncher\trial3.py":6, logger.critical("test")
Programm terminated at 2025-02-06 14:56:41
Conducted for 0.06 seconds
========================================================================================================================
Programm started at 2025-02-06 14:56:47
2025-02-06 14:56:47 [INFO]     test -> "d:\SuperLauncher\trial3.py":3, logger.info("test")
2025-02-06 14:56:47 [WARNING]  test -> "d:\SuperLauncher\trial3.py":4, logger.warning("test")
2025-02-06 14:56:47 [ERROR]    test -> "d:\SuperLauncher\trial3.py":5, logger.error("test")
2025-02-06 14:56:47 [CRITICAL] test -> "d:\SuperLauncher\trial3.py":6, logger.critical("test")
Programm terminated at 2025-02-06 14:56:47
Conducted for 0.07 seconds
========================================================================================================================
Programm started at 2025-02-06 14:57:31
2025-02-06 14:57:31 [INFO]     test -> "d:\SuperLauncher\trial3.py":3, logger.info("test")
2025-02-06 14:57:31 [WARNING]  test -> "d:\SuperLauncher\trial3.py":4, logger.warning("test")
2025-02-06 14:57:31 [ERROR]    test -> "d:\SuperLauncher\trial3.py":5, logger.error("test")
2025-02-06 14:57:31 [CRITICAL] test -> "d:\SuperLauncher\trial3.py":6, logger.critical("test")
Programm terminated at 2025-02-06 14:57:31
Conducted for 0.07 seconds
========================================================================================================================
Programm started at 2025-02-06 14:57:55
2025-02-06 14:57:55 [INFO]     test -> "d:\SuperLauncher\trial3.py":3, logger.info("test")
2025-02-06 14:57:55 [WARNING]  test -> "d:\SuperLauncher\trial3.py":4, logger.warning("test")
2025-02-06 14:57:55 [ERROR]    test -> "d:\SuperLauncher\trial3.py":5, logger.error("test")
2025-02-06 14:57:55 [CRITICAL] test -> "d:\SuperLauncher\trial3.py":6, logger.critical("test")
Programm terminated at 2025-02-06 14:57:55
Conducted for 0.07 seconds
========================================================================================================================
Programm started at 2025-02-06 14:58:27
2025-02-06 14:58:27 [INFO]     test -> "d:\SuperLauncher\trial3.py":3, logger.info("test")
2025-02-06 14:58:27 [WARNING]  test -> "d:\SuperLauncher\trial3.py":4, logger.warning("test")
2025-02-06 14:58:27 [ERROR]    test -> "d:\SuperLauncher\trial3.py":5, logger.error("test")
2025-02-06 14:58:27 [CRITICAL] test -> "d:\SuperLauncher\trial3.py":6, logger.critical("test")
Programm terminated at 2025-02-06 14:58:27
Conducted for 0.10 seconds
========================================================================================================================
Programm started at 2025-02-06 15:00:03
2025-02-06 15:00:03 [INFO]     test -> "d:\SuperLauncher\trial3.py":3, logger.info("test")
2025-02-06 15:00:03 [WARNING]  test -> "d:\SuperLauncher\trial3.py":4, logger.warning("test")
2025-02-06 15:00:03 [ERROR]    test -> "d:\SuperLauncher\trial3.py":5, logger.error("test")
2025-02-06 15:00:03 [CRITICAL] test -> "d:\SuperLauncher\trial3.py":6, logger.critical("test")
Programm terminated at 2025-02-06 15:00:03
Conducted for 0.08 seconds
========================================================================================================================
Programm started at 2025-02-06 15:04:10
2025-02-06 15:04:10 [INFO]     test -> "d:\SuperLauncher\trial3.py":3, logger.info("test")
2025-02-06 15:04:10 [WARNING]  test -> "d:\SuperLauncher\trial3.py":4, logger.warning("test")
2025-02-06 15:04:10 [ERROR]    test -> "d:\SuperLauncher\trial3.py":5, logger.error("test")
2025-02-06 15:04:10 [CRITICAL] test -> "d:\SuperLauncher\trial3.py":6, logger.critical("test")
Programm terminated at 2025-02-06 15:04:10
Conducted for 0.06 seconds
========================================================================================================================
Programm started at 2025-02-06 15:24:56
2025-02-06 15:24:56 [INFO]     test -> "d:\SuperLauncher\trial3.py":3, logger.info("test")
2025-02-06 15:24:56 [WARNING]  test -> "d:\SuperLauncher\trial3.py":4, logger.warning("test")
2025-02-06 15:24:56 [ERROR]    test -> "d:\SuperLauncher\trial3.py":5, logger.error("test")
2025-02-06 15:24:56 [CRITICAL] test -> "d:\SuperLauncher\trial3.py":6, logger.critical("test")
Programm terminated at 2025-02-06 15:24:56
Conducted for 0.07 seconds
========================================================================================================================
Programm started at 2025-02-06 15:25:28
2025-02-06 15:25:28 [INFO]     test -> "d:\SuperLauncher\trial3.py":3, logger.info("test")
2025-02-06 15:25:28 [WARNING]  test -> "d:\SuperLauncher\trial3.py":4, logger.warning("test")
2025-02-06 15:25:28 [ERROR]    test -> "d:\SuperLauncher\trial3.py":5, logger.error("test")
2025-02-06 15:25:28 [CRITICAL] test -> "d:\SuperLauncher\trial3.py":6, logger.critical("test")
Programm terminated at 2025-02-06 15:25:28
Conducted for 0.07 seconds
========================================================================================================================
Programm started at 2025-02-06 15:26:41
2025-02-06 15:26:41 [INFO]     test -> "d:\SuperLauncher\trial3.py":3, logger.info("test")
2025-02-06 15:26:41 [WARNING]  test -> "d:\SuperLauncher\trial3.py":4, logger.warning("test")
2025-02-06 15:26:41 [ERROR]    test -> "d:\SuperLauncher\trial3.py":5, logger.error("test")
2025-02-06 15:26:41 [CRITICAL] test -> "d:\SuperLauncher\trial3.py":6, logger.critical("test")
Programm terminated at 2025-02-06 15:26:41
Conducted for 0.07 seconds
========================================================================================================================
Programm started at 2025-02-06 15:29:16
2025-02-06 15:29:16 [INFO]     test -> "d:\SuperLauncher\trial3.py":3, logger.info("test")
2025-02-06 15:29:16 [WARNING]  test -> "d:\SuperLauncher\trial3.py":4, logger.warning("test")
2025-02-06 15:29:16 [ERROR]    test -> "d:\SuperLauncher\trial3.py":5, logger.error("test")
2025-02-06 15:29:16 [CRITICAL] test -> "d:\SuperLauncher\trial3.py":6, logger.critical("test")
Programm terminated at 2025-02-06 15:29:16
Conducted for 0.07 seconds
========================================================================================================================
Programm started at 2025-02-06 15:30:09
2025-02-06 15:30:09 [INFO]     test -> "d:\SuperLauncher\trial3.py":3, logger.info("test")
2025-02-06 15:30:09 [WARNING]  test -> "d:\SuperLauncher\trial3.py":4, logger.warning("test")
2025-02-06 15:30:09 [ERROR]    test -> "d:\SuperLauncher\trial3.py":5, logger.error("test")
2025-02-06 15:30:09 [CRITICAL] test -> "d:\SuperLauncher\trial3.py":6, logger.critical("test")
Programm terminated at 2025-02-06 15:30:09
Conducted for 0.07 seconds
========================================================================================================================
Programm started at 2025-02-06 15:30:23
2025-02-06 15:30:23 [INFO]     test -> "d:\SuperLauncher\trial3.py":3, logger.info("test")
2025-02-06 15:30:23 [WARNING]  test -> "d:\SuperLauncher\trial3.py":4, logger.warning("test")
2025-02-06 15:30:23 [ERROR]    test -> "d:\SuperLauncher\trial3.py":5, logger.error("test")
2025-02-06 15:30:23 [CRITICAL] test -> "d:\SuperLauncher\trial3.py":6, logger.critical("test")
Programm terminated at 2025-02-06 15:30:23
Conducted for 0.10 seconds
========================================================================================================================
Programm started at 2025-02-06 15:30:47
2025-02-06 15:30:47 [INFO]     test -> "d:\SuperLauncher\trial3.py":3, logger.info("test")
2025-02-06 15:30:47 [WARNING]  test -> "d:\SuperLauncher\trial3.py":4, logger.warning("test")
2025-02-06 15:30:47 [ERROR]    test -> "d:\SuperLauncher\trial3.py":5, logger.error("test")
2025-02-06 15:30:47 [CRITICAL] test -> "d:\SuperLauncher\trial3.py":6, logger.critical("test")
Programm terminated at 2025-02-06 15:30:47
Conducted for 0.07 seconds
========================================================================================================================
Programm started at 2025-02-06 15:31:14
2025-02-06 15:31:14 [INFO]     test -> "d:\SuperLauncher\trial3.py":3, logger.info("test")
2025-02-06 15:31:14 [WARNING]  test -> "d:\SuperLauncher\trial3.py":4, logger.warning("test")
2025-02-06 15:31:14 [ERROR]    test -> "d:\SuperLauncher\trial3.py":5, logger.error("test")
2025-02-06 15:31:14 [CRITICAL] test -> "d:\SuperLauncher\trial3.py":6, logger.critical("test")
Programm terminated at 2025-02-06 15:31:14
Conducted for 0.07 seconds
========================================================================================================================
Programm started at 2025-02-06 15:32:08
2025-02-06 15:32:08 [INFO]     test -> "d:\SuperLauncher\trial3.py":3, logger.info("test")
2025-02-06 15:32:08 [WARNING]  test -> "d:\SuperLauncher\trial3.py":4, logger.warning("test")
2025-02-06 15:32:08 [ERROR]    test -> "d:\SuperLauncher\trial3.py":5, logger.error("test")
2025-02-06 15:32:08 [CRITICAL] test -> "d:\SuperLauncher\trial3.py":6, logger.critical("test")
Programm started at 2025-02-06 15:32:33
2025-02-06 15:32:33 [INFO]     test -> "d:\SuperLauncher\trial3.py":3, logger.info("test")
2025-02-06 15:32:33 [WARNING]  test -> "d:\SuperLauncher\trial3.py":4, logger.warning("test")
2025-02-06 15:32:33 [ERROR]    test -> "d:\SuperLauncher\trial3.py":5, logger.error("test")
2025-02-06 15:32:33 [CRITICAL] test -> "d:\SuperLauncher\trial3.py":6, logger.critical("test")
Programm started at 2025-02-06 15:32:59
2025-02-06 15:32:59 [INFO]     test -> "d:\SuperLauncher\trial3.py":3, logger.info("test")
2025-02-06 15:32:59 [WARNING]  test -> "d:\SuperLauncher\trial3.py":4, logger.warning("test")
2025-02-06 15:32:59 [ERROR]    test -> "d:\SuperLauncher\trial3.py":5, logger.error("test")
2025-02-06 15:32:59 [CRITICAL] test -> "d:\SuperLauncher\trial3.py":6, logger.critical("test")
Programm started at 2025-02-06 15:34:05
2025-02-06 15:34:05 [INFO]     test -> "d:\SuperLauncher\trial3.py":3, logger.info("test")
2025-02-06 15:34:05 [WARNING]  test -> "d:\SuperLauncher\trial3.py":4, logger.warning("test")
2025-02-06 15:34:05 [ERROR]    test -> "d:\SuperLauncher\trial3.py":5, logger.error("test")
2025-02-06 15:34:05 [CRITICAL] test -> "d:\SuperLauncher\trial3.py":6, logger.critical("test")
Programm started at 2025-02-06 15:34:35
2025-02-06 15:34:35 [INFO]     test -> "d:\SuperLauncher\trial3.py":3, logger.info("test")
2025-02-06 15:34:35 [WARNING]  test -> "d:\SuperLauncher\trial3.py":4, logger.warning("test")
2025-02-06 15:34:35 [ERROR]    test -> "d:\SuperLauncher\trial3.py":5, logger.error("test")
2025-02-06 15:34:35 [CRITICAL] test -> "d:\SuperLauncher\trial3.py":6, logger.critical("test")
Programm started at 2025-02-06 15:37:28
2025-02-06 15:37:28 [INFO]     test -> "d:\SuperLauncher\trial3.py":3, logger.info("test")
2025-02-06 15:37:28 [WARNING]  test -> "d:\SuperLauncher\trial3.py":4, logger.warning("test")
2025-02-06 15:37:28 [ERROR]    test -> "d:\SuperLauncher\trial3.py":5, logger.error("test")
2025-02-06 15:37:28 [CRITICAL] test -> "d:\SuperLauncher\trial3.py":6, logger.critical("test")
Programm started at 2025-02-06 15:40:15
2025-02-06 15:40:15 [INFO]     test -> "d:\SuperLauncher\trial3.py":3, logger.info("test")
2025-02-06 15:40:15 [WARNING]  test -> "d:\SuperLauncher\trial3.py":4, logger.warning("test")
2025-02-06 15:40:15 [ERROR]    test -> "d:\SuperLauncher\trial3.py":5, logger.error("test")
2025-02-06 15:40:15 [CRITICAL] test -> "d:\SuperLauncher\trial3.py":6, logger.critical("test")
Programm terminated at 2025-02-06 15:40:15
Conducted for 0.06 seconds
========================================================================================================================
Programm started at 2025-02-06 15:43:24
2025-02-06 15:43:24 [INFO]     test -> "d:\SuperLauncher\trial3.py":3, logger.info("test")
2025-02-06 15:43:24 [WARNING]  test -> "d:\SuperLauncher\trial3.py":4, logger.warning("test")
2025-02-06 15:43:24 [ERROR]    test -> "d:\SuperLauncher\trial3.py":5, logger.error("test")
2025-02-06 15:43:24 [CRITICAL] test -> "d:\SuperLauncher\trial3.py":6, logger.critical("test")
Programm terminated at 2025-02-06 15:43:24
Conducted for 0.06 seconds
========================================================================================================================
Programm started at 2025-02-06 15:45:25
2025-02-06 15:45:25 [INFO]     test -> "d:\SuperLauncher\trial3.py":3, logger.info("test")
2025-02-06 15:45:25 [WARNING]  test -> "d:\SuperLauncher\trial3.py":4, logger.warning("test")
2025-02-06 15:45:25 [ERROR]    test -> "d:\SuperLauncher\trial3.py":5, logger.error("test")
2025-02-06 15:45:25 [CRITICAL] test -> "d:\SuperLauncher\trial3.py":6, logger.critical("test")
Programm terminated at 2025-02-06 15:45:25
Conducted for 0.06 seconds
========================================================================================================================
Programm started at 2025-02-06 15:47:34
2025-02-06 15:47:34 [INFO]     test -> "d:\SuperLauncher\trial3.py":3, logger.info("test")
2025-02-06 15:47:34 [WARNING]  test -> "d:\SuperLauncher\trial3.py":4, logger.warning("test")
2025-02-06 15:47:34 [ERROR]    test -> "d:\SuperLauncher\trial3.py":5, logger.error("test")
2025-02-06 15:47:34 [CRITICAL] test -> "d:\SuperLauncher\trial3.py":6, logger.critical("test")
Programm terminated at 2025-02-06 15:47:34
Conducted for 0.06 seconds
========================================================================================================================
Programm started at 2025-02-06 15:47:53
2025-02-06 15:47:53 [INFO]     test -> "d:\SuperLauncher\trial3.py":3, logger.info("test")
2025-02-06 15:47:53 [WARNING]  test -> "d:\SuperLauncher\trial3.py":4, logger.warning("test")
2025-02-06 15:47:53 [ERROR]    test -> "d:\SuperLauncher\trial3.py":5, logger.error("test")
2025-02-06 15:47:53 [CRITICAL] test -> "d:\SuperLauncher\trial3.py":6, logger.critical("test")
Programm terminated at 2025-02-06 15:47:53
Conducted for 0.08 seconds
========================================================================================================================
Programm started at 2025-02-06 15:48:25
2025-02-06 15:48:25 [INFO]     test -> "d:\SuperLauncher\trial3.py":4, logger.info("test")
2025-02-06 15:48:25 [WARNING]  test -> "d:\SuperLauncher\trial3.py":5, logger.warning("test")
2025-02-06 15:48:25 [ERROR]    test -> "d:\SuperLauncher\trial3.py":6, logger.error("test")
2025-02-06 15:48:25 [CRITICAL] test -> "d:\SuperLauncher\trial3.py":7, logger.critical("test")
Programm terminated at 2025-02-06 15:48:26
Conducted for 1.07 seconds
========================================================================================================================
Programm started at 2025-02-06 15:56:33
2025-02-06 15:56:33 [INFO]      -> "d:\SuperLauncher\trial3.py":4, logger.info("test")
2025-02-06 15:56:33 [WARNING]   -> "d:\SuperLauncher\trial3.py":5, logger.warning("test")
2025-02-06 15:56:33 [ERROR]     -> "d:\SuperLauncher\trial3.py":6, logger.error("test")
2025-02-06 15:56:33 [CRITICAL]  -> "d:\SuperLauncher\trial3.py":7, logger.critical("test")
Programm terminated at 2025-02-06 15:56:34
Conducted for 1.07 seconds
========================================================================================================================
Programm started at 2025-02-06 15:56:49
2025-02-06 15:56:49 [INFO]     this is a test message -> "d:\SuperLauncher\trial3.py":4, logger.info("test", 'this is a test message')
2025-02-06 15:56:49 [WARNING]   -> "d:\SuperLauncher\trial3.py":5, logger.warning("test")
2025-02-06 15:56:49 [ERROR]     -> "d:\SuperLauncher\trial3.py":6, logger.error("test")
2025-02-06 15:56:49 [CRITICAL]  -> "d:\SuperLauncher\trial3.py":7, logger.critical("test")
Programm terminated at 2025-02-06 15:56:50
Conducted for 1.06 seconds
========================================================================================================================
Programm started at 2025-02-06 15:57:36
2025-02-06 15:57:36 [INFO]     this is a test message -> "d:\SuperLauncher\trial3.py":4, logger.info("test", 'this is a test message')
2025-02-06 15:57:36 [WARNING]   -> "d:\SuperLauncher\trial3.py":5, logger.warning("test")
2025-02-06 15:57:36 [ERROR]     -> "d:\SuperLauncher\trial3.py":6, logger.error("test")
2025-02-06 15:57:36 [CRITICAL]  -> "d:\SuperLauncher\trial3.py":7, logger.critical("test")
Programm terminated at 2025-02-06 15:57:37
Conducted for 1.06 seconds
========================================================================================================================
Programm started at 2025-02-06 15:58:05
2025-02-06 15:58:06 [INFO]     Raise Exception("this is a test exception"), this is a test message -> "d:\SuperLauncher\trial3.py":4, logger.info("test", 'this is a test message', exc=Exception("this is a test exception"))
2025-02-06 15:58:06 [WARNING]   -> "d:\SuperLauncher\trial3.py":5, logger.warning("test")
2025-02-06 15:58:06 [ERROR]     -> "d:\SuperLauncher\trial3.py":6, logger.error("test")
2025-02-06 15:58:06 [CRITICAL]  -> "d:\SuperLauncher\trial3.py":7, logger.critical("test")
Programm terminated at 2025-02-06 15:58:07
Conducted for 1.07 seconds
========================================================================================================================
Programm started at 2025-02-06 16:00:50
2025-02-06 16:00:50 [INFO]    Raise Exception("this is a test exception"), this is a test message -> "d:\SuperLauncher\trial3.py":4, logger.info("test", 'this is a test message', exc=Exception("this is a test exception"))
2025-02-06 16:00:50 [WARNING]  -> "d:\SuperLauncher\trial3.py":5, logger.warning("test")
2025-02-06 16:00:50 [ERROR]    -> "d:\SuperLauncher\trial3.py":6, logger.error("test")
2025-02-06 16:00:50 [CRITICAL]  -> "d:\SuperLauncher\trial3.py":7, logger.critical("test")
Programm terminated at 2025-02-06 16:00:51
Conducted for 1.06 seconds
========================================================================================================================
Programm started at 2025-02-06 16:00:56
2025-02-06 16:00:57 [INFO]     Raise Exception("this is a test exception"), this is a test message -> "d:\SuperLauncher\trial3.py":4, logger.info("test", 'this is a test message', exc=Exception("this is a test exception"))
2025-02-06 16:00:57 [WARNING]   -> "d:\SuperLauncher\trial3.py":5, logger.warning("test")
2025-02-06 16:00:57 [ERROR]     -> "d:\SuperLauncher\trial3.py":6, logger.error("test")
2025-02-06 16:00:57 [CRITICAL]  -> "d:\SuperLauncher\trial3.py":7, logger.critical("test")
Programm terminated at 2025-02-06 16:00:58
Conducted for 1.05 seconds
========================================================================================================================
Programm started at 2025-02-06 16:03:14
2025-02-06 16:03:14 [INFO]     Raise Exception("this is a test exception"), this is a test message -> "d:\SuperLauncher\trial3.py":4, logger.info("test", 'this is a test message', exc=Exception("this is a test exception"))
2025-02-06 16:03:14 [WARNING]  test -> "d:\SuperLauncher\trial3.py":5, logger.warning("test")
2025-02-06 16:03:14 [ERROR]    test -> "d:\SuperLauncher\trial3.py":6, logger.error("test")
2025-02-06 16:03:14 [CRITICAL] test -> "d:\SuperLauncher\trial3.py":7, logger.critical("test")
Programm terminated at 2025-02-06 16:03:15
Conducted for 1.06 seconds
========================================================================================================================
Programm started at 2025-02-06 16:03:45
2025-02-06 16:03:46 [INFO]     Raise Exception("this is a test exception"), this is a test message -> "d:\SuperLauncher\trial3.py":4, logger.info("test", 'this is a test message', exc=Exception("this is a test exception"))
2025-02-06 16:03:46 [WARNING]  test -> "d:\SuperLauncher\trial3.py":5, logger.warning("test")
2025-02-06 16:03:46 [ERROR]    test -> "d:\SuperLauncher\trial3.py":6, logger.error("test")
2025-02-06 16:03:46 [CRITICAL] test -> "d:\SuperLauncher\trial3.py":7, logger.critical("test", 'this is a hahahahah')
  this is a hahahahah
Programm terminated at 2025-02-06 16:03:47
Conducted for 1.06 seconds
========================================================================================================================
Programm started at 2025-02-06 16:05:31
2025-02-06 16:05:31 [INFO]     Raise Exception("this is a test exception"), this is a test message -> "d:\SuperLauncher\trial3.py":4, logger.info("test", 'this is a test message', exc=Exception("this is a test exception"))
2025-02-06 16:05:31 [WARNING]  test -> "d:\SuperLauncher\trial3.py":5, logger.warning("test")
2025-02-06 16:05:31 [ERROR]    test -> "d:\SuperLauncher\trial3.py":6, logger.error("test")
2025-02-06 16:05:31 [CRITICAL] test -> "d:\SuperLauncher\trial3.py":7, logger.critical("test", 'this is a hahahahah')
  this is a hahahahah
Programm terminated at 2025-02-06 16:05:32
Conducted for 1.06 seconds
========================================================================================================================
