Programm started at 2025-02-17 22:09:48
2025-02-17 22:09:49 [WARNING]  No256Icon -> "e:\SuperLauncher\Scripts\manager\paths_transfer.py":166, GV.logger.warning(title='No256Icon', message=f"Error extracting icon from {exe_path}")
  Error extracting icon from E:\Softwares\SPSS\SPSS27\stats.exe
2025-02-17 22:09:49 [WARNING]  No256Icon -> "e:\SuperLauncher\Scripts\manager\paths_transfer.py":166, GV.logger.warning(title='No256Icon', message=f"Error extracting icon from {exe_path}")
  Error extracting icon from C:\Program Files (x86)\Sangfor\SSL\EasyConnect\EasyConnect.exe
2025-02-17 22:09:49 [WARNING]  No256Icon -> "e:\SuperLauncher\Scripts\manager\paths_transfer.py":166, GV.logger.warning(title='No256Icon', message=f"Error extracting icon from {exe_path}")
  Error extracting icon from E:\Super Launcher\load\Others\暴力删除.exe
2025-02-17 22:09:49 [WARNING]  No256Icon -> "e:\SuperLauncher\Scripts\manager\paths_transfer.py":166, GV.logger.warning(title='No256Icon', message=f"Error extracting icon from {exe_path}")
  Error extracting icon from E:\Softwares\FastCopy\FastCopy.exe
2025-02-17 22:09:49 [WARNING]  No256Icon -> "e:\SuperLauncher\Scripts\manager\paths_transfer.py":166, GV.logger.warning(title='No256Icon', message=f"Error extracting icon from {exe_path}")
  Error extracting icon from E:\Softwares\INNO3D TuneIT\Inno3D.exe
2025-02-17 22:09:49 [WARNING]  No256Icon -> "e:\SuperLauncher\Scripts\manager\paths_transfer.py":166, GV.logger.warning(title='No256Icon', message=f"Error extracting icon from {exe_path}")
  Error extracting icon from E:\Softwares\Afterburner\MSI Afterburner\MSIAfterburner.exe
2025-02-17 22:09:49 [WARNING]  No256Icon -> "e:\SuperLauncher\Scripts\manager\paths_transfer.py":166, GV.logger.warning(title='No256Icon', message=f"Error extracting icon from {exe_path}")
  Error extracting icon from E:\Softwares\DDU v18.0.7.0\Display Driver Uninstaller.exe
2025-02-17 22:09:49 [WARNING]  No256Icon -> "e:\SuperLauncher\Scripts\manager\paths_transfer.py":166, GV.logger.warning(title='No256Icon', message=f"Error extracting icon from {exe_path}")
  Error extracting icon from E:\Softwares\TestMem5\TM5.exe
2025-02-17 22:09:49 [WARNING]  No256Icon -> "e:\SuperLauncher\Scripts\manager\paths_transfer.py":166, GV.logger.warning(title='No256Icon', message=f"Error extracting icon from {exe_path}")
  Error extracting icon from E:\Softwares\FL Mouse\FL Esports M618 GamingMouse\FL Esports m618.exe
2025-02-17 22:09:49 [WARNING]  No256Icon -> "e:\SuperLauncher\Scripts\manager\paths_transfer.py":166, GV.logger.warning(title='No256Icon', message=f"Error extracting icon from {exe_path}")
  Error extracting icon from E:\Softwares\Hi75\OemDrv.exe
2025-02-17 22:09:49 [WARNING]  No256Icon -> "e:\SuperLauncher\Scripts\manager\paths_transfer.py":166, GV.logger.warning(title='No256Icon', message=f"Error extracting icon from {exe_path}")
  Error extracting icon from E:\Softwares\FreeCAD\bin\FreeCAD.exe
2025-02-17 22:09:50 [WARNING]  No256Icon -> "e:\SuperLauncher\Scripts\manager\paths_transfer.py":166, GV.logger.warning(title='No256Icon', message=f"Error extracting icon from {exe_path}")
  Error extracting icon from E:\Softwares\7-Zip\7zFM.exe
2025-02-17 22:09:50 [WARNING]  No256Icon -> "e:\SuperLauncher\Scripts\manager\paths_transfer.py":166, GV.logger.warning(title='No256Icon', message=f"Error extracting icon from {exe_path}")
  Error extracting icon from C:\Program Files\Cheat Engine 7.3\cheatengine-i386.exe
2025-02-17 22:09:50 [WARNING]  No256Icon -> "e:\SuperLauncher\Scripts\manager\paths_transfer.py":166, GV.logger.warning(title='No256Icon', message=f"Error extracting icon from {exe_path}")
  Error extracting icon from C:\Program Files\Cheat Engine 7.3\cheatengine-x86_64-SSE4-AVX2.exe
2025-02-17 22:09:50 [WARNING]  No256Icon -> "e:\SuperLauncher\Scripts\manager\paths_transfer.py":166, GV.logger.warning(title='No256Icon', message=f"Error extracting icon from {exe_path}")
  Error extracting icon from C:\Program Files\Cheat Engine 7.3\cheatengine-x86_64.exe
2025-02-17 22:09:50 [WARNING]  No256Icon -> "e:\SuperLauncher\Scripts\manager\paths_transfer.py":166, GV.logger.warning(title='No256Icon', message=f"Error extracting icon from {exe_path}")
  Error extracting icon from C:\Program Files\Cheat Engine 7.3\Tutorial-x86_64.exe
2025-02-17 22:09:50 [WARNING]  No256Icon -> "e:\SuperLauncher\Scripts\manager\paths_transfer.py":166, GV.logger.warning(title='No256Icon', message=f"Error extracting icon from {exe_path}")
  Error extracting icon from C:\Program Files\Cheat Engine 7.3\Tutorial-i386.exe
2025-02-17 22:09:50 [WARNING]  No256Icon -> "e:\SuperLauncher\Scripts\manager\paths_transfer.py":166, GV.logger.warning(title='No256Icon', message=f"Error extracting icon from {exe_path}")
  Error extracting icon from C:\Program Files\Cheat Engine 7.3\Cheat Engine.exe
2025-02-17 22:09:50 [WARNING]  No256Icon -> "e:\SuperLauncher\Scripts\manager\paths_transfer.py":166, GV.logger.warning(title='No256Icon', message=f"Error extracting icon from {exe_path}")
  Error extracting icon from C:\Program Files\Cheat Engine 7.3\Kernelmoduleunloader.exe
2025-02-17 22:09:50 [WARNING]  No256Icon -> "e:\SuperLauncher\Scripts\manager\paths_transfer.py":166, GV.logger.warning(title='No256Icon', message=f"Error extracting icon from {exe_path}")
  Error extracting icon from C:\Program Files\Cheat Engine 7.3\ceregreset.exe
2025-02-17 22:09:50 [WARNING]  No256Icon -> "e:\SuperLauncher\Scripts\manager\paths_transfer.py":166, GV.logger.warning(title='No256Icon', message=f"Error extracting icon from {exe_path}")
  Error extracting icon from C:\Program Files\Cheat Engine 7.3\unins000.exe
2025-02-17 22:09:50 [WARNING]  No256Icon -> "e:\SuperLauncher\Scripts\manager\paths_transfer.py":166, GV.logger.warning(title='No256Icon', message=f"Error extracting icon from {exe_path}")
  Error extracting icon from E:\Softwares\Cygwin\bin\mintty.exe
2025-02-17 22:09:50 [WARNING]  No256Icon -> "e:\SuperLauncher\Scripts\manager\paths_transfer.py":166, GV.logger.warning(title='No256Icon', message=f"Error extracting icon from {exe_path}")
  Error extracting icon from C:\Program Files (x86)\Microsoft Office\root\Client\AppVLP.exe
2025-02-17 22:09:50 [WARNING]  No256Icon -> "e:\SuperLauncher\Scripts\manager\paths_transfer.py":166, GV.logger.warning(title='No256Icon', message=f"Error extracting icon from {exe_path}")
  Error extracting icon from C:\Program Files (x86)\Microsoft Office\root\Office16\SETLANG.EXE
2025-02-17 22:09:50 [WARNING]  No256Icon -> "e:\SuperLauncher\Scripts\manager\paths_transfer.py":166, GV.logger.warning(title='No256Icon', message=f"Error extracting icon from {exe_path}")
  Error extracting icon from C:\Program Files (x86)\Microsoft Office\root\Office16\msoev.exe
2025-02-17 22:09:50 [WARNING]  No256Icon -> "e:\SuperLauncher\Scripts\manager\paths_transfer.py":166, GV.logger.warning(title='No256Icon', message=f"Error extracting icon from {exe_path}")
  Error extracting icon from C:\Program Files (x86)\Microsoft Office\root\Client\AppVLP.exe
2025-02-17 22:09:50 [WARNING]  No256Icon -> "e:\SuperLauncher\Scripts\manager\paths_transfer.py":166, GV.logger.warning(title='No256Icon', message=f"Error extracting icon from {exe_path}")
  Error extracting icon from C:\Program Files\Microsoft OneDrive\OneDrive.exe
2025-02-17 22:09:50 [WARNING]  No256Icon -> "e:\SuperLauncher\Scripts\manager\paths_transfer.py":166, GV.logger.warning(title='No256Icon', message=f"Error extracting icon from {exe_path}")
  Error extracting icon from E:\Softwares\OpenSSL-Win64\unins000.exe
2025-02-17 22:09:50 [WARNING]  No256Icon -> "e:\SuperLauncher\Scripts\manager\paths_transfer.py":166, GV.logger.warning(title='No256Icon', message=f"Error extracting icon from {exe_path}")
  Error extracting icon from C:\Program Files (x86)\Sangfor\SSL\SangforCSClient\SangforCSClient.exe
2025-02-17 22:09:50 [WARNING]  No256Icon -> "e:\SuperLauncher\Scripts\manager\paths_transfer.py":166, GV.logger.warning(title='No256Icon', message=f"Error extracting icon from {exe_path}")
  Error extracting icon from C:\Program Files (x86)\Sangfor\SSL\SangforCSClient\SangforCSClientUninstaller.exe
2025-02-17 22:09:50 [WARNING]  No256Icon -> "e:\SuperLauncher\Scripts\manager\paths_transfer.py":166, GV.logger.warning(title='No256Icon', message=f"Error extracting icon from {exe_path}")
  Error extracting icon from C:\Program Files (x86)\Sangfor\SSL\EasyConnect\EasyConnect.exe
2025-02-17 22:09:50 [WARNING]  No256Icon -> "e:\SuperLauncher\Scripts\manager\paths_transfer.py":166, GV.logger.warning(title='No256Icon', message=f"Error extracting icon from {exe_path}")
  Error extracting icon from E:\Softwares\texlive\2024\bin\windows\dviout.exe
2025-02-17 22:09:50 [WARNING]  No256Icon -> "e:\SuperLauncher\Scripts\manager\paths_transfer.py":166, GV.logger.warning(title='No256Icon', message=f"Error extracting icon from {exe_path}")
  Error extracting icon from E:\Softwares\vivo手机助手\ApkInstaller.exe
2025-02-17 22:09:50 [WARNING]  No256Icon -> "e:\SuperLauncher\Scripts\manager\paths_transfer.py":166, GV.logger.warning(title='No256Icon', message=f"Error extracting icon from {exe_path}")
  Error extracting icon from E:\Softwares\vivo手机助手\vivo手机助手.exe
2025-02-17 22:09:50 [WARNING]  No256Icon -> "e:\SuperLauncher\Scripts\manager\paths_transfer.py":166, GV.logger.warning(title='No256Icon', message=f"Error extracting icon from {exe_path}")
  Error extracting icon from E:\Softwares\vivo手机助手\unins000.exe
2025-02-17 22:09:50 [WARNING]  No256Icon -> "e:\SuperLauncher\Scripts\manager\paths_transfer.py":166, GV.logger.warning(title='No256Icon', message=f"Error extracting icon from {exe_path}")
  Error extracting icon from C:\Program Files (x86)\Windows Kits\10\Windows Performance Toolkit\WPRUI.exe
Programm terminated at 2025-02-17 22:10:02
Conducted for 14.18 seconds
========================================================================================================================
Programm started at 2025-02-17 22:13:37
2025-02-17 22:13:38 [WARNING]  No256Icon -> "e:\SuperLauncher\Scripts\manager\paths_transfer.py":166, GV.logger.warning(title='No256Icon', message=f"Error extracting icon from {exe_path}")
  Error extracting icon from E:\Softwares\SPSS\SPSS27\stats.exe
2025-02-17 22:13:38 [WARNING]  No256Icon -> "e:\SuperLauncher\Scripts\manager\paths_transfer.py":166, GV.logger.warning(title='No256Icon', message=f"Error extracting icon from {exe_path}")
  Error extracting icon from C:\Program Files (x86)\Sangfor\SSL\EasyConnect\EasyConnect.exe
2025-02-17 22:13:38 [WARNING]  No256Icon -> "e:\SuperLauncher\Scripts\manager\paths_transfer.py":166, GV.logger.warning(title='No256Icon', message=f"Error extracting icon from {exe_path}")
  Error extracting icon from E:\Super Launcher\load\Others\暴力删除.exe
2025-02-17 22:13:38 [WARNING]  No256Icon -> "e:\SuperLauncher\Scripts\manager\paths_transfer.py":166, GV.logger.warning(title='No256Icon', message=f"Error extracting icon from {exe_path}")
  Error extracting icon from E:\Softwares\FastCopy\FastCopy.exe
2025-02-17 22:13:38 [WARNING]  No256Icon -> "e:\SuperLauncher\Scripts\manager\paths_transfer.py":166, GV.logger.warning(title='No256Icon', message=f"Error extracting icon from {exe_path}")
  Error extracting icon from E:\Softwares\INNO3D TuneIT\Inno3D.exe
2025-02-17 22:13:38 [WARNING]  No256Icon -> "e:\SuperLauncher\Scripts\manager\paths_transfer.py":166, GV.logger.warning(title='No256Icon', message=f"Error extracting icon from {exe_path}")
  Error extracting icon from E:\Softwares\Afterburner\MSI Afterburner\MSIAfterburner.exe
2025-02-17 22:13:38 [WARNING]  No256Icon -> "e:\SuperLauncher\Scripts\manager\paths_transfer.py":166, GV.logger.warning(title='No256Icon', message=f"Error extracting icon from {exe_path}")
  Error extracting icon from E:\Softwares\DDU v18.0.7.0\Display Driver Uninstaller.exe
2025-02-17 22:13:38 [WARNING]  No256Icon -> "e:\SuperLauncher\Scripts\manager\paths_transfer.py":166, GV.logger.warning(title='No256Icon', message=f"Error extracting icon from {exe_path}")
  Error extracting icon from E:\Softwares\TestMem5\TM5.exe
2025-02-17 22:13:38 [WARNING]  No256Icon -> "e:\SuperLauncher\Scripts\manager\paths_transfer.py":166, GV.logger.warning(title='No256Icon', message=f"Error extracting icon from {exe_path}")
  Error extracting icon from E:\Softwares\FL Mouse\FL Esports M618 GamingMouse\FL Esports m618.exe
2025-02-17 22:13:38 [WARNING]  No256Icon -> "e:\SuperLauncher\Scripts\manager\paths_transfer.py":166, GV.logger.warning(title='No256Icon', message=f"Error extracting icon from {exe_path}")
  Error extracting icon from E:\Softwares\Hi75\OemDrv.exe
2025-02-17 22:13:38 [WARNING]  No256Icon -> "e:\SuperLauncher\Scripts\manager\paths_transfer.py":166, GV.logger.warning(title='No256Icon', message=f"Error extracting icon from {exe_path}")
  Error extracting icon from E:\Softwares\FreeCAD\bin\FreeCAD.exe
2025-02-17 22:13:39 [WARNING]  No256Icon -> "e:\SuperLauncher\Scripts\manager\paths_transfer.py":166, GV.logger.warning(title='No256Icon', message=f"Error extracting icon from {exe_path}")
  Error extracting icon from E:\Softwares\7-Zip\7zFM.exe
2025-02-17 22:13:39 [WARNING]  No256Icon -> "e:\SuperLauncher\Scripts\manager\paths_transfer.py":166, GV.logger.warning(title='No256Icon', message=f"Error extracting icon from {exe_path}")
  Error extracting icon from C:\Program Files\Cheat Engine 7.3\cheatengine-i386.exe
2025-02-17 22:13:39 [WARNING]  No256Icon -> "e:\SuperLauncher\Scripts\manager\paths_transfer.py":166, GV.logger.warning(title='No256Icon', message=f"Error extracting icon from {exe_path}")
  Error extracting icon from C:\Program Files\Cheat Engine 7.3\cheatengine-x86_64-SSE4-AVX2.exe
2025-02-17 22:13:39 [WARNING]  No256Icon -> "e:\SuperLauncher\Scripts\manager\paths_transfer.py":166, GV.logger.warning(title='No256Icon', message=f"Error extracting icon from {exe_path}")
  Error extracting icon from C:\Program Files\Cheat Engine 7.3\cheatengine-x86_64.exe
2025-02-17 22:13:39 [WARNING]  No256Icon -> "e:\SuperLauncher\Scripts\manager\paths_transfer.py":166, GV.logger.warning(title='No256Icon', message=f"Error extracting icon from {exe_path}")
  Error extracting icon from C:\Program Files\Cheat Engine 7.3\Tutorial-x86_64.exe
2025-02-17 22:13:39 [WARNING]  No256Icon -> "e:\SuperLauncher\Scripts\manager\paths_transfer.py":166, GV.logger.warning(title='No256Icon', message=f"Error extracting icon from {exe_path}")
  Error extracting icon from C:\Program Files\Cheat Engine 7.3\Tutorial-i386.exe
2025-02-17 22:13:39 [WARNING]  No256Icon -> "e:\SuperLauncher\Scripts\manager\paths_transfer.py":166, GV.logger.warning(title='No256Icon', message=f"Error extracting icon from {exe_path}")
  Error extracting icon from C:\Program Files\Cheat Engine 7.3\Cheat Engine.exe
2025-02-17 22:13:39 [WARNING]  No256Icon -> "e:\SuperLauncher\Scripts\manager\paths_transfer.py":166, GV.logger.warning(title='No256Icon', message=f"Error extracting icon from {exe_path}")
  Error extracting icon from C:\Program Files\Cheat Engine 7.3\Kernelmoduleunloader.exe
2025-02-17 22:13:39 [WARNING]  No256Icon -> "e:\SuperLauncher\Scripts\manager\paths_transfer.py":166, GV.logger.warning(title='No256Icon', message=f"Error extracting icon from {exe_path}")
  Error extracting icon from C:\Program Files\Cheat Engine 7.3\ceregreset.exe
2025-02-17 22:13:39 [WARNING]  No256Icon -> "e:\SuperLauncher\Scripts\manager\paths_transfer.py":166, GV.logger.warning(title='No256Icon', message=f"Error extracting icon from {exe_path}")
  Error extracting icon from C:\Program Files\Cheat Engine 7.3\unins000.exe
2025-02-17 22:13:39 [WARNING]  No256Icon -> "e:\SuperLauncher\Scripts\manager\paths_transfer.py":166, GV.logger.warning(title='No256Icon', message=f"Error extracting icon from {exe_path}")
  Error extracting icon from E:\Softwares\Cygwin\bin\mintty.exe
2025-02-17 22:13:39 [WARNING]  No256Icon -> "e:\SuperLauncher\Scripts\manager\paths_transfer.py":166, GV.logger.warning(title='No256Icon', message=f"Error extracting icon from {exe_path}")
  Error extracting icon from C:\Program Files (x86)\Microsoft Office\root\Client\AppVLP.exe
2025-02-17 22:13:39 [WARNING]  No256Icon -> "e:\SuperLauncher\Scripts\manager\paths_transfer.py":166, GV.logger.warning(title='No256Icon', message=f"Error extracting icon from {exe_path}")
  Error extracting icon from C:\Program Files (x86)\Microsoft Office\root\Office16\SETLANG.EXE
2025-02-17 22:13:39 [WARNING]  No256Icon -> "e:\SuperLauncher\Scripts\manager\paths_transfer.py":166, GV.logger.warning(title='No256Icon', message=f"Error extracting icon from {exe_path}")
  Error extracting icon from C:\Program Files (x86)\Microsoft Office\root\Office16\msoev.exe
2025-02-17 22:13:39 [WARNING]  No256Icon -> "e:\SuperLauncher\Scripts\manager\paths_transfer.py":166, GV.logger.warning(title='No256Icon', message=f"Error extracting icon from {exe_path}")
  Error extracting icon from C:\Program Files (x86)\Microsoft Office\root\Client\AppVLP.exe
2025-02-17 22:13:39 [WARNING]  No256Icon -> "e:\SuperLauncher\Scripts\manager\paths_transfer.py":166, GV.logger.warning(title='No256Icon', message=f"Error extracting icon from {exe_path}")
  Error extracting icon from C:\Program Files\Microsoft OneDrive\OneDrive.exe
2025-02-17 22:13:39 [WARNING]  No256Icon -> "e:\SuperLauncher\Scripts\manager\paths_transfer.py":166, GV.logger.warning(title='No256Icon', message=f"Error extracting icon from {exe_path}")
  Error extracting icon from E:\Softwares\OpenSSL-Win64\unins000.exe
2025-02-17 22:13:39 [WARNING]  No256Icon -> "e:\SuperLauncher\Scripts\manager\paths_transfer.py":166, GV.logger.warning(title='No256Icon', message=f"Error extracting icon from {exe_path}")
  Error extracting icon from C:\Program Files (x86)\Sangfor\SSL\SangforCSClient\SangforCSClient.exe
2025-02-17 22:13:39 [WARNING]  No256Icon -> "e:\SuperLauncher\Scripts\manager\paths_transfer.py":166, GV.logger.warning(title='No256Icon', message=f"Error extracting icon from {exe_path}")
  Error extracting icon from C:\Program Files (x86)\Sangfor\SSL\SangforCSClient\SangforCSClientUninstaller.exe
2025-02-17 22:13:39 [WARNING]  No256Icon -> "e:\SuperLauncher\Scripts\manager\paths_transfer.py":166, GV.logger.warning(title='No256Icon', message=f"Error extracting icon from {exe_path}")
  Error extracting icon from C:\Program Files (x86)\Sangfor\SSL\EasyConnect\EasyConnect.exe
2025-02-17 22:13:39 [WARNING]  No256Icon -> "e:\SuperLauncher\Scripts\manager\paths_transfer.py":166, GV.logger.warning(title='No256Icon', message=f"Error extracting icon from {exe_path}")
  Error extracting icon from E:\Softwares\texlive\2024\bin\windows\dviout.exe
2025-02-17 22:13:39 [WARNING]  No256Icon -> "e:\SuperLauncher\Scripts\manager\paths_transfer.py":166, GV.logger.warning(title='No256Icon', message=f"Error extracting icon from {exe_path}")
  Error extracting icon from E:\Softwares\vivo手机助手\ApkInstaller.exe
2025-02-17 22:13:39 [WARNING]  No256Icon -> "e:\SuperLauncher\Scripts\manager\paths_transfer.py":166, GV.logger.warning(title='No256Icon', message=f"Error extracting icon from {exe_path}")
  Error extracting icon from E:\Softwares\vivo手机助手\vivo手机助手.exe
2025-02-17 22:13:39 [WARNING]  No256Icon -> "e:\SuperLauncher\Scripts\manager\paths_transfer.py":166, GV.logger.warning(title='No256Icon', message=f"Error extracting icon from {exe_path}")
  Error extracting icon from E:\Softwares\vivo手机助手\unins000.exe
2025-02-17 22:13:39 [WARNING]  No256Icon -> "e:\SuperLauncher\Scripts\manager\paths_transfer.py":166, GV.logger.warning(title='No256Icon', message=f"Error extracting icon from {exe_path}")
  Error extracting icon from C:\Program Files (x86)\Windows Kits\10\Windows Performance Toolkit\WPRUI.exe
